VideoFileRenderer       com...inyx.home.security.camera.app  W  MediaMuxer already released or in invalid state: Failed to stop the muxer
2025-07-30 11:31:06.007  8110-8978  VideoFileRenderer       com...inyx.home.security.camera.app  I  Video file validation successful: Path=/data/user/0/com.hominyx.home.security.camera.app/cache/recording_temp/temp_1753849836189.mp4, Size=222803 bytes, Frames=263, VideoTrack=present, AudioTrack=present
2025-07-30 11:31:06.020  8110-8979  BufferPoolAccessor      com...inyx.home.security.camera.app  D  buffer invalidation added bp:0 1
2025-07-30 11:31:06.020  8110-8982  BufferPoolAccessor      com...inyx.home.security.camera.app  D  buffer invalidation deleted bp:0
2025-07-30 11:31:06.020  8110-8979  VideoFileRenderer       com...inyx.home.security.camera.app  D  Audio encoder released
2025-07-30 11:31:06.061  8110-8978  VideoFileRenderer       com...inyx.home.security.camera.app  W  Video format validation warning: Some metadata could not be extracted. Duration=null, Width=null, Height=null, MimeType=null
2025-07-30 11:31:06.364  8110-8128  rity.camera.ap          com...inyx.home.security.camera.app  I  Background concurrent copying GC freed 149135(6697KB) AllocSpace objects, 90(8764KB) LOS objects, 49% free, 11MB/22MB, paused 117us total 127.728ms
2025-07-30 11:31:06.370  8110-8130  System                  com...inyx.home.security.camera.app  W  A resource failed to call release.
2025-07-30 11:31:06.370  8110-8130  MPEG4Writer             com...inyx.home.security.camera.app  D  Video track stopping. Stop source
2025-07-30 11:31:06.370  8110-8130  MPEG4Writer             com...inyx.home.security.camera.app  D  Audio track stopping. Stop source
2025-07-30 11:31:06.472  8110-8821  skia                    com...inyx.home.security.camera.app  D  onFlyCompress
2025-07-30 11:31:07.413  8110-8815  org.webrtc.Logging      com...inyx.home.security.camera.app  I  EglRenderer: Duration: 4004 ms. Frames received: 120. Dropped: 0. Rendered: 120. Render fps: 30.0. Average render time: 3579 us. Average swapBuffer time: 2052 us.
2025-07-30 11:31:07.423  8110-8816  org.webrtc.Logging      com...inyx.home.security.camera.app  I  EglRenderer: Duration: 4004 ms. Frames received: 121. Dropped: 0. Rendered: 120. Render fps: 30.0. Average render time: 3910 us. Average swapBuffer time: 1877 us.
2025-07-30 11:31:07.441  8110-8821  skia                    com...inyx.home.security.camera.app  D  onFlyCompress
2025-07-30 11:31:07.766  8110-8868  org.webrtc.Logging      com...inyx.home.security.camera.app  I  HardwareVideoEncoder: Config frame generated. Offset: 0. Size: 25
2025-07-30 11:31:07.769  8110-8868  org.webrtc.Logging      com...inyx.home.security.camera.app  I  HardwareVideoEncoder: Sync frame generated
2025-07-30 11:31:07.769  8110-8868  org.webrtc.Logging      com...inyx.home.security.camera.app  I  HardwareVideoEncoder: Prepending config buffer of size 25 to output buffer with offset 0, size 5256
2025-07-30 11:31:07.809  8110-8786  org.webrtc.Logging      com...inyx.home.security.camera.app  I  CameraStatistics: Camera fps: 30.
2025-07-30 11:31:08.450  8110-8821  skia                    com...inyx.home.security.camera.app  D  onFlyCompress
2025-07-30 11:31:09.474  8110-8821  skia                    com...inyx.home.security.camera.app  D  onFlyCompress
2025-07-30 11:31:09.790  8110-8110  flutter                 com...inyx.home.security.camera.app  I  send: {"command":"ping"}
2025-07-30 11:31:09.811  8110-8786  org.webrtc.Logging      com...inyx.home.security.camera.app  I  CameraStatistics: Camera fps: 31.
2025-07-30 11:31:09.816  8110-8868  org.webrtc.Logging      com...inyx.home.security.camera.app  I  HardwareVideoEncoder: Config frame generated. Offset: 0. Size: 25
2025-07-30 11:31:09.821  8110-8868  org.webrtc.Logging      com...inyx.home.security.camera.app  I  HardwareVideoEncoder: Sync frame generated
2025-07-30 11:31:09.821  8110-8868  org.webrtc.Logging      com...inyx.home.security.camera.app  I  HardwareVideoEncoder: Prepending config buffer of size 25 to output buffer with offset 0, size 4751
2025-07-30 11:31:10.315  8110-8128  rity.camera.ap          com...inyx.home.security.camera.app  I  Background concurrent copying GC freed 118545(4436KB) AllocSpace objects, 73(6860KB) LOS objects, 49% free, 11MB/23MB, paused 114us total 135.878ms
2025-07-30 11:31:10.335  8110-8110  ImageReader_JNI         com...inyx.home.security.camera.app  W  Unable to acquire a buffer item, very likely client tried to acquire more than maxImages buffers
2025-07-30 11:31:10.336  8110-8110  ImageReader_JNI         com...inyx.home.security.camera.app  W  Unable to acquire a buffer item, very likely client tried to acquire more than maxImages buffers
2025-07-30 11:31:10.464  8110-8821  skia                    com...inyx.home.security.camera.app  D  onFlyCompress
2025-07-30 11:31:11.419  8110-8815  org.webrtc.Logging      com...inyx.home.security.camera.app  I  EglRenderer: Duration: 4005 ms. Frames received: 122. Dropped: 0. Rendered: 122. Render fps: 30.5. Average render time: 4174 us. Average swapBuffer time: 1911 us.
2025-07-30 11:31:11.424  8110-8816  org.webrtc.Logging      com...inyx.home.security.camera.app  I  EglRenderer: Duration: 4005 ms. Frames received: 121. Dropped: 0. Rendered: 122. Render fps: 30.5. Average render time: 3891 us. Average swapBuffer time: 2307 us.
2025-07-30 11:31:11.433  8110-8821  skia                    com...inyx.home.security.camera.app  D  onFlyCompress
2025-07-30 11:31:11.671  8110-8110  flutter                 com...inyx.home.security.camera.app  I  type: ping
2025-07-30 11:31:11.672  8110-8110  flutter                 com...inyx.home.security.camera.app  I  [38;5;12m💡 Sending message: {"type":"pong"}[0m
2025-07-30 11:31:11.785  8110-8110  ImageReader_JNI         com...inyx.home.security.camera.app  W  Unable to acquire a buffer item, very likely client tried to acquire more than maxImages buffers
2025-07-30 11:31:11.802  8110-8868  org.webrtc.Logging      com...inyx.home.security.camera.app  I  HardwareVideoEncoder: Config frame generated. Offset: 0. Size: 25
2025-07-30 11:31:11.807  8110-8868  org.webrtc.Logging      com...inyx.home.security.camera.app  I  HardwareVideoEncoder: Sync frame generated
2025-07-30 11:31:11.807  8110-8868  org.webrtc.Logging      com...inyx.home.security.camera.app  I  HardwareVideoEncoder: Prepending config buffer of size 25 to output buffer with offset 0, size 5153
2025-07-30 11:31:11.815  8110-8110  ImageReader_JNI         com...inyx.home.security.camera.app  W  Unable to acquire a buffer item, very likely client tried to acquire more than maxImages buffers
2025-07-30 11:31:11.823  8110-8786  org.webrtc.Logging      com...inyx.home.security.camera.app  I  CameraStatistics: Camera fps: 31.
2025-07-30 11:31:11.856  8110-8110  ImageReader_JNI         com...inyx.home.security.camera.app  W  Unable to acquire a buffer item, very likely client tried to acquire more than maxImages buffers
2025-07-30 11:31:11.862  8110-8110  ImageReader_JNI         com...inyx.home.security.camera.app  W  Unable to acquire a buffer item, very likely client tried to acquire more than maxImages buffers
2025-07-30 11:31:11.927  8110-8110  flutter                 com...inyx.home.security.camera.app  I  type: pong
2025-07-30 11:31:12.474  8110-8821  skia                    com...inyx.home.security.camera.app  D  onFlyCompress
2025-07-30 11:31:13.470  8110-8821  skia                    com...inyx.home.security.camera.app  D  onFlyCompress
2025-07-30 11:31:13.831  8110-8786  org.webrtc.Logging      com...inyx.home.security.camera.app  I  CameraStatistics: Camera fps: 30.
2025-07-30 11:31:13.840  8110-8868  org.webrtc.Logging      com...inyx.home.security.camera.app  I  HardwareVideoEncoder: Config frame generated. Offset: 0. Size: 25
2025-07-30 11:31:13.843  8110-8868  org.webrtc.Logging      com...inyx.home.security.camera.app  I  HardwareVideoEncoder: Sync frame generated
2025-07-30 11:31:13.843  8110-8868  org.webrtc.Logging      com...inyx.home.security.camera.app  I  HardwareVideoEncoder: Prepending config buffer of size 25 to output buffer with offset 0, size 5003
2025-07-30 11:31:14.455  8110-8821  skia                    com...inyx.home.security.camera.app  D  onFlyCompress
2025-07-30 11:31:14.581  8110-8128  rity.camera.ap          com...inyx.home.security.camera.app  I  Background concurrent copying GC freed 127093(4821KB) AllocSpace objects, 77(7152KB) LOS objects, 49% free, 12MB/25MB, paused 145us total 128.411ms
2025-07-30 11:31:14.789  8110-8110  flutter                 com...inyx.home.security.camera.app  I  send: {"command":"ping"}
2025-07-30 11:31:15.424  8110-8815  org.webrtc.Logging      com...inyx.home.security.camera.app  I  EglRenderer: Duration: 4005 ms. Frames received: 121. Dropped: 0. Rendered: 121. Render fps: 30.2. Average render time: 4437 us. Average swapBuffer time: 2361 us.
2025-07-30 11:31:15.426  8110-8816  org.webrtc.Logging      com...inyx.home.security.camera.app  I  EglRenderer: Duration: 4002 ms. Frames received: 121. Dropped: 0. Rendered: 121. Render fps: 30.2. Average render time: 4330 us. Average swapBuffer time: 2112 us.
2025-07-30 11:31:15.435  8110-8821  skia                    com...inyx.home.security.camera.app  D  onFlyCompress
2025-07-30 11:31:15.834  8110-8786  org.webrtc.Logging      com...inyx.home.security.camera.app  I  CameraStatistics: Camera fps: 31.
2025-07-30 11:31:15.888  8110-8868  org.webrtc.Logging      com...inyx.home.security.camera.app  I  HardwareVideoEncoder: Config frame generated. Offset: 0. Size: 25
2025-07-30 11:31:15.891  8110-8868  org.webrtc.Logging      com...inyx.home.security.camera.app  I  HardwareVideoEncoder: Sync frame generated
2025-07-30 11:31:15.891  8110-8868  org.webrtc.Logging      com...inyx.home.security.camera.app  I  HardwareVideoEncoder: Prepending config buffer of size 25 to output buffer with offset 0, size 5211
2025-07-30 11:31:16.428  8110-8821  skia                    com...inyx.home.security.camera.app  D  onFlyCompress
2025-07-30 11:31:16.911  8110-8110  HwViewRootImpl          com...inyx.home.security.camera.app  I  removeInvalidNode jank list is null
2025-07-30 11:31:16.918  8110-8110  ImageReader_JNI         com...inyx.home.security.camera.app  W  Unable to acquire a buffer item, very likely client tried to acquire more than maxImages buffers
2025-07-30 11:31:16.952  8110-8110  ImageReader_JNI         com...inyx.home.security.camera.app  W  Unable to acquire a buffer item, very likely client tried to acquire more than maxImages buffers
2025-07-30 11:31:16.953  8110-8110  ImageReader_JNI         com...inyx.home.security.camera.app  W  Unable to acquire a buffer item, very likely client tried to acquire more than maxImages buffers
2025-07-30 11:31:16.989  8110-8110  ImageReader_JNI         com...inyx.home.security.camera.app  W  Unable to acquire a buffer item, very likely client tried to acquire more than maxImages buffers
2025-07-30 11:31:16.990  8110-8110  ImageReader_JNI         com...inyx.home.security.camera.app  W  Unable to acquire a buffer item, very likely client tried to acquire more than maxImages buffers
2025-07-30 11:31:17.052  8110-8110  ImageReader_JNI         com...inyx.home.security.camera.app  W  Unable to acquire a buffer item, very likely client tried to acquire more than maxImages buffers
2025-07-30 11:31:17.055  8110-8110  ImageReader_JNI         com...inyx.home.security.camera.app  W  Unable to acquire a buffer item, very likely client tried to acquire more than maxImages buffers
2025-07-30 11:31:17.068  8110-8110  ImageReader_JNI         com...inyx.home.security.camera.app  W  Unable to acquire a buffer item, very likely client tried to acquire more than maxImages buffers
2025-07-30 11:31:17.070  8110-8110  ImageReader_JNI         com...inyx.home.security.camera.app  W  Unable to acquire a buffer item, very likely client tried to acquire more than maxImages buffers
2025-07-30 11:31:17.080  8110-8110  ImageReader_JNI         com...inyx.home.security.camera.app  W  Unable to acquire a buffer item, very likely client tried to acquire more than maxImages buffers
2025-07-30 11:31:17.080  8110-8110  ImageReader_JNI         com...inyx.home.security.camera.app  W  Unable to acquire a buffer item, very likely client tried to acquire more than maxImages buffers
2025-07-30 11:31:17.121  8110-8110  ImageReader_JNI         com...inyx.home.security.camera.app  W  Unable to acquire a buffer item, very likely client tried to acquire more than maxImages buffers
2025-07-30 11:31:17.122  8110-8110  ImageReader_JNI         com...inyx.home.security.camera.app  W  Unable to acquire a buffer item, very likely client tried to acquire more than maxImages buffers
2025-07-30 11:31:17.149  8110-8110  ImageReader_JNI         com...inyx.home.security.camera.app  W  Unable to acquire a buffer item, very likely client tried to acquire more than maxImages buffers
2025-07-30 11:31:17.150  8110-8110  ImageReader_JNI         com...inyx.home.security.camera.app  W  Unable to acquire a buffer item, very likely client tried to acquire more than maxImages buffers
2025-07-30 11:31:17.187  8110-8110  ImageReader_JNI         com...inyx.home.security.camera.app  W  Unable to acquire a buffer item, very likely client tried to acquire more than maxImages buffers
2025-07-30 11:31:17.189  8110-8110  ImageReader_JNI         com...inyx.home.security.camera.app  W  Unable to acquire a buffer item, very likely client tried to acquire more than maxImages buffers
2025-07-30 11:31:17.214  8110-8110  ImageReader_JNI         com...inyx.home.security.camera.app  W  Unable to acquire a buffer item, very likely client tried to acquire more than maxImages buffers
2025-07-30 11:31:17.217  8110-8110  ImageReader_JNI         com...inyx.home.security.camera.app  W  Unable to acquire a buffer item, very likely client tried to acquire more than maxImages buffers
2025-07-30 11:31:17.250  8110-8110  ImageReader_JNI         com...inyx.home.security.camera.app  W  Unable to acquire a buffer item, very likely client tried to acquire more than maxImages buffers
2025-07-30 11:31:17.251  8110-8110  ImageReader_JNI         com...inyx.home.security.camera.app  W  Unable to acquire a buffer item, very likely client tried to acquire more than maxImages buffers
2025-07-30 11:31:17.292  8110-8110  ImageReader_JNI         com...inyx.home.security.camera.app  W  Unable to acquire a buffer item, very likely client tried to acquire more than maxImages buffers
